INFO - Application started
INFO - Configuration loaded successfully
INFO - Database connection established
INFO - User login successful
INFO - User profile loaded
WARNING - Memory usage high
INFO - Cache cleanup initiated
INFO - Cache cleanup completed
ERROR - Payment service unavailable
INFO - Payment service retry initiated
INFO - Payment service retry successful
WARNING - API response time exceeded threshold
INFO - Product catalog refreshed
INFO - New order received
INFO - Order validation completed
ERROR - Inventory update failed
WARNING - Low stock detected for product P017
INFO - Inventory update retry successful
INFO - Order confirmed
INFO - Email notification sent
WARNING - Disk space running low
INFO - Temporary files cleanup started
INFO - Temporary files cleanup completed
ERROR - Database connection failed
INFO - Database reconnection attempt started
INFO - Database connection restored
WARNING - Multiple failed login attempts detected
ERROR - User authentication failed
INFO - Account security alert sent
INFO - Password reset requested
INFO - Password reset email sent
WARNING - Session token nearing expiration
INFO - Session token refreshed
ERROR - Report generation failed
INFO - Report generation retry initiated
INFO - Report generated successfully
WARNING - External API rate limit approaching
INFO - Request queue processing started
INFO - Request queue processing completed
INFO - Application shutdown completed
